SUMMARY:
	ROM0: 4677 bytes used / 28091 free

ROM0 bank #0:
	SECTION: $0000-$0029 ($002a bytes) ["house_message"]
	         $0000 = DATA_LABEL
	EMPTY: $002a-$003f ($0016 bytes)
	SECTION: $0040-$0040 ($0001 byte) ["vblank_interrupt"]
	EMPTY: $0041-$00ff ($00bf bytes)
	SECTION: $0100-$014f ($0050 bytes) ["header"]
	         $0100 = entrypoint
	EMPTY: $0150-$0154 ($0005 bytes)
	SECTION: $0155-$0169 ($0015 bytes) ["main"]
	         $0155 = main
	         $0155 = main.wait_vblank_u1
	         $0168 = main.loop
	SECTION: $016a-$0395 ($022c bytes) ["player"]
	         $016a = make_sound
	         $0183 = check_outer_right
	         $0199 = check_outer_right.other_house
	         $01a2 = check_outer_right.end
	         $01a3 = check_inner_right
	         $01b9 = check_inner_right.other_house
	         $01cf = check_inner_right.end
	         $01d0 = check_right_map
	         $01d9 = check_right_map.outer_right
	         $01dc = check_right_map.end
	         $01dd = check_beg_houses
	         $01e6 = check_beg_houses.second_house
	         $01ef = check_beg_houses.end
	         $01f0 = check_left_map
	         $0204 = check_left_map.check_mansion
	         $020d = check_left_map.end
	         $020e = check_location
	         $021e = check_location.check_right
	         $0221 = check_location.end
	         $0222 = house1_clue
	         $0229 = house2_clue
	         $0230 = house3_clue
	         $0237 = house4_clue
	         $023e = house5_clue
	         $0245 = house6_clue
	         $024c = house7_clue
	         $0253 = UpdateFuncTable
	         $0261 = determine_house
	         $0276 = determine_house.call_return_address_u1
	         $0277 = determine_guess
	         $028f = determine_guess.wrong_houses
	         $02a3 = determine_guess.end
	         $02a4 = check_end
	         $02bb = check_end.end
	         $02bf = end_wait
	         $02bf = end_wait.wait_for_end
	         $0305 = reset_game
	         $0338 = second_checker
	         $0355 = second_checker.done
	         $0356 = time_up
	         $0366 = LoadTilesBank0
	         $0374 = LoadTilesBank0.copy_tiles0
	         $037e = LoadTilesBank1
	         $038c = LoadTilesBank1.copy_tiles1
	SECTION: $0396-$0538 ($01a3 bytes) ["newplayer"]
	         $0396 = init_player
	         $0415 = npc_wave
	         $041c = npc_wave.wave_frame2
	         $0422 = npc_wave.wave_frame1
	         $0428 = move_player
	         $0441 = move_player.og_sprite_right
	         $044b = move_player.check_right
	         $0452 = move_player.done_right
	         $046c = move_player.done_moving_right
	         $0485 = move_player.og_sprite_left
	         $048f = move_player.check_left
	         $0496 = move_player.done_left
	         $04b0 = move_player.done_moving_left
	         $04c9 = move_player.og_sprite_up
	         $04d3 = move_player.check_up
	         $04da = move_player.done_up
	         $04f4 = move_player.done_moving_up
	         $050d = move_player.og_sprite_down
	         $0517 = move_player.check
	         $051e = move_player.done
	         $0538 = move_player.done_moving_down
	SECTION: $0539-$0647 ($010f bytes) ["newgraphics"]
	         $0539 = init_graphics2
	         $054e = init_graphics2.init_oam_u1
	         $055a = init_graphics2.load_tile_u2
	         $0597 = write_message
	         $059a = write_message.loop
	         $05ac = write_message.new_line
	         $05b2 = write_message.end
	         $05b3 = display_message
	         $05b9 = remove_message
	         $05bf = message_process
	         $05c8 = message_process.wait_for_start
	         $061e = girl_appear
	         $0629 = girl_removed
	         $0634 = flash_bg
	         $0636 = flash_bg.loop
	EMPTY: $0648-$0fff ($09b8 bytes)
	SECTION: $1000-$1029 ($002a bytes) ["house_message2"]
	         $1000 = MESSAGE_LABEL
	EMPTY: $102a-$10ff ($00d6 bytes)
	SECTION: $1100-$1129 ($002a bytes) ["win_message"]
	         $1100 = WIN_LABEL
	EMPTY: $112a-$11ff ($00d6 bytes)
	SECTION: $1200-$1229 ($002a bytes) ["house_message3"]
	         $1200 = HOUSE3_LABEL
	EMPTY: $122a-$12ff ($00d6 bytes)
	SECTION: $1300-$1329 ($002a bytes) ["house_message4"]
	         $1300 = HOUSE4_LABEL
	EMPTY: $132a-$13ff ($00d6 bytes)
	SECTION: $1400-$1429 ($002a bytes) ["house_message5"]
	         $1400 = HOUSE5_LABEL
	EMPTY: $142a-$14ff ($00d6 bytes)
	SECTION: $1500-$1529 ($002a bytes) ["mansion_message"]
	         $1500 = MANSION_LABEL
	EMPTY: $152a-$15ff ($00d6 bytes)
	SECTION: $1600-$1629 ($002a bytes) ["field_message"]
	         $1600 = FIELD_LABEL
	EMPTY: $162a-$16ff ($00d6 bytes)
	SECTION: $1700-$1729 ($002a bytes) ["lose_message"]
	         $1700 = LOSE_LABEL
	EMPTY: $172a-$17ff ($00d6 bytes)
	SECTION: $1800-$1829 ($002a bytes) ["level2_message"]
	         $1800 = LEVEL2_LABEL
	EMPTY: $182a-$18ff ($00d6 bytes)
	SECTION: $1900-$1929 ($002a bytes) ["level2_mess"]
	         $1900 = LEVEL2_LABEL2
	EMPTY: $192a-$23ff ($0ad6 bytes)
	SECTION: $2400-$2f32 ($0b33 bytes) ["graphics_data"]
	         $2400 = tileset
	         $2690 = tileset_end
	         $2690 = palette_data
	         $26d0 = background_indices
	         $26d0 = palette_data_end
	         $2ad0 = background_parameters
	         $2ad0 = background_indices_end
	         $2ed0 = background_parameters_end
	         $2ed0 = init_graphics
	         $2eda = init_graphics.palette_copy
	         $2ee9 = init_graphics.init_oam_u2
	         $2ef5 = init_graphics.load_tile_u3
	         $2f0d = init_graphics.tilemap_indices_copy
	         $2f25 = init_graphics.tilemap_parameters_copy
	EMPTY: $2f33-$7fff ($50cd bytes)
	TOTAL EMPTY: $6dbb bytes
